<div id="yes" class>
</div>
<div class="one two">
</div>
