<!--[if lt IE 10]>
<script src="/base/global/assets/js/flexibility.js"></script>
<script src="/base/global/assets/js/viewport-units.js"></script>
<script>
    window.viewportUnitsBuggyfill.init();
</script>
<![endif]-->
