!doctype html>
<html class="no-js" lang="de">
    <head>
        <meta charset="utf-8">
        <title>PURINA Home </title>
        <meta name="viewport" content="width=device-width, initial-scale=1.0, maximum-scale=1.0, user-scalable=0">
        <link href="/base/global/assets/images/favicon.ico" rel="shortcut icon" type="image/x-icon">
        <link rel="stylesheet" media="all" href="/base/css/common.css">
        <script src="/base/global/assets/js/flexibility.js"></script>
        <script src="/base/global/assets/js/viewport-units.js"></script>
        <script>
            window.viewportUnitsBuggyfill.init();
        </script>
    </head>
    <body class="t002-default" data-entity>
        <div class="g001-header" data-entity>
            <div class="m002-brandheader">
                <div class="m002-brandheader-content">
                    <div class="m002-brandheader-purina">
                        <img class="m002-brandheader-purinaimg" src="/base/modules/m002-brandheader/assets/purina-logo.svg" alt="Purina Logo">
                        <span class="m002-brandheader-purinaclaim">Your Pet, Our Passion. </span>
                    </div>
                    <a href="JavaScript:;" class="e001-link m002-brandheader-link">Erfahren Sie hier mehr Ã¼ber PURINA </a>
                </div>
            </div>
            <div class="g001-header-inner">
                <div class="g001-header-content">
                    <div class="m001-logo g001-header-logo">
                        <img class="m001-logo-image" src="/base/modules/m001-logo/assets/purina-gourmet-logo.svg" alt="Purina Gourmet Logo">
                    </div>
                    <nav class="g001-header-navigation js-g001-header-navigation">
                        <div class="m003-mainnav g001-header-mainnav" data-entity>
                            <div class="m003-mainnav-level1 js-m003-mainnav-level1">
                                <ul class="m003-mainnav-items">
                                    <li class="m003-mainnav-item js-m003-mainnav-item has-children">
                                        <a href="JavaScript:;" class="e001-link m003-mainnav-link js-m003-mainnav-link1">Produkte </a>
                                        <div class="m003-mainnav-level2 js-m003-mainnav-level2">
                                            <ul class="m003-mainnav-items">
                                                <li class="m003-mainnav-item">
                                                    <a href="/base/pages/p002-productrangeoverview/p002-productrangeoverview.j2" class="e001-link m003-mainnav-link js-m003-mainnav-link2 has-icon-all">Alle Produkte </a>
                                                </li>
                                                <li class="m003-mainnav-item">
                                                    <a href="/base/pages/p002-productrangeoverview/p002-productrangeoverview.j2" class="e001-link m003-mainnav-link js-m003-mainnav-link2 has-icon-range">Produktgruppen </a>
                                                </li>
                                                <li class="m003-mainnav-item">
                                                    <a href="/base/pages/p003-productrangeportfolio/p003-productrangeportfolio.j2" class="e001-link m003-mainnav-link js-m003-mainnav-link2 has-icon-taste">Geschmacksrichtungen </a>
                                                </li>
                                            </ul>
                                        </div>
                                    </li>
                                    <li class="m003-mainnav-item">
                                        <a href="/base/pages/p014-error/p014-error.j2" class="e001-link m003-mainnav-link js-m003-mainnav-link1">Bewertungen </a>
                                    </li>
                                    <li class="m003-mainnav-item">
                                        <a href="/base/pages/p014-error/p014-error.j2" class="e001-link m003-mainnav-link js-m003-mainnav-link1">Gourmet Life </a>
                                    </li>
                                    <li class="m003-mainnav-item">
                                        <a href="/base/pages/p014-error/p014-error.j2" class="e001-link m003-mainnav-link js-m003-mainnav-link1">V.I.C.-Club </a>
                                    </li>
                                    <li class="m003-mainnav-item">
                                        <a href="/base/pages/p014-error/p014-error.j2" class="e001-link m003-mainnav-link js-m003-mainnav-link1">Aktionen </a>
                                    </li>
                                </ul>
                            </div>
                            <div class="m003-mainnav-blocker js-m003-mainnav-blocker">
                            </div>
                        </div>
                        <ul class="m004-toolnav g001-header-toolnav">
                            <li class="m004-toolnav-item">
                                <a href="JavaScript:;" class="e001-link m004-toolnav-link has-icon-buy">Buy </a>
                            </li>
                            <li class="m004-toolnav-item">
                                <a href="JavaScript:;" class="e001-link m004-toolnav-link has-icon-user">Login <span class="is-hidden-on-mini-tablet">V.I.C.-Club </span></a>
                            </li>
                        </ul>
                    </nav>
                    <a href="JavaScript:;" class="e001-link g001-header-menu js-g001-header-menu">MENU </a>
                </div>
            </div>
        </div>
        <div class="grid grid--hero">
            <div class="grid-row">
                <div class="grid-column grid-column--12">
                    <div class="m011-gallery is-inactive" data-entity>
                        <div class="m011-gallery-controls">
                            <div class="m011-gallery-pagination">
                                <ol class="m011-gallery-pages js-m011-gallery-pages">
                                    <li class="m011-gallery-page"></li>
                                </ol>
                            </div>
                            <div class="m011-gallery-next js-m011-gallery-next">
                            </div>
                            <div class="m011-gallery-prev js-m011-gallery-prev">
                            </div>
                        </div>
                        <div class="m011-gallery-stage js-m011-gallery-stage">
                            <div class="m011-gallery-slides js-m011-gallery-slides">
                                <div class="m010-heroteaser m010-heroteaser--l">
                                    <picture class="e006-image  m010-heroteaser-image">
                                        <source data-srcset="/images/hero-teaser.jpg/320/350/1" media="(max-width: 767px)">
                                        <source data-srcset="/images/hero-teaser.jpg/1280/500/1" media="(min-width: 1200px)">
                                        <img class="e006-image-img do-lazyload" data-srcset="/images/hero-teaser.jpg/1280/500/1" alt>
                                    </picture>
                                    <div class="m010-heroteaser-content">
                                        <h1 class="e003-headline  e003-headline--1">sunt aliquip sunt </h1>
                                        <p class="m010-heroteaser-copy">Lorem qui ut eu officia deserunt </p>
                                        <div class="m010-heroteaser-bottom">
                                            <a href class="e002-button  m010-heroteaser-btn" target>exercitation amet Lorem est </a>
                                        </div>
                                    </div>
                                </div>
                                <div class="m010-heroteaser m010-heroteaser--l">
                                    <picture class="e006-image  m010-heroteaser-image">
                                        <source data-srcset="/images/hero-teaser.jpg/320/350/1" media="(max-width: 767px)">
                                        <source data-srcset="/images/hero-teaser.jpg/1280/500/1" media="(min-width: 1200px)">
                                        <img class="e006-image-img do-lazyload" data-srcset="/images/hero-teaser.jpg/1280/500/1" alt>
                                    </picture>
                                    <div class="m010-heroteaser-content">
                                        <h1 class="e003-headline  e003-headline--1">labore culpa ex </h1>
                                        <p class="m010-heroteaser-copy">laborum eu quis qui sunt deserunt </p>
                                        <div class="m010-heroteaser-bottom">
                                            <a href class="e002-button  m010-heroteaser-btn" target>velit duis magna </a>
                                        </div>
                                    </div>
                                </div>
                                <div class="m010-heroteaser m010-heroteaser--l">
                                    <picture class="e006-image  m010-heroteaser-image">
                                        <source data-srcset="/images/hero-teaser.jpg/320/350/1" media="(max-width: 767px)">
                                        <source data-srcset="/images/hero-teaser.jpg/1280/500/1" media="(min-width: 1200px)">
                                        <img class="e006-image-img do-lazyload" data-srcset="/images/hero-teaser.jpg/1280/500/1" alt>
                                    </picture>
                                    <div class="m010-heroteaser-content">
                                        <h1 class="e003-headline  e003-headline--1">laboris ut ea </h1>
                                        <p class="m010-heroteaser-copy">in deserunt minim nulla fugiat deserunt sunt </p>
                                        <div class="m010-heroteaser-bottom">
                                            <a href class="e002-button  m010-heroteaser-btn" target>dolor est commodo occaecat </a>
                                        </div>
                                    </div>
                                </div>
                            </div>
                        </div>
                        <div class="e014-loader   is-visible js-m011-gallery-loader" data-entity>
                            <div class="e014-loader-circles">
                                <div class="e014-loader-circle e014-loader-circle1"></div>
                                <div class="e014-loader-circle e014-loader-circle2"></div>
                                <div class="e014-loader-circle e014-loader-circle3"></div>
                            </div>
                        </div>
                    </div>
                </div>
            </div>
        </div>
        <div class="grid grid--content">
            <div class="grid-row">
                <div class="grid-column grid-column--8">
                    <div class="m013-tile m013-tile--product m013-tile--m" data-entity>
                        <picture class="e006-image  m013-tile-image">
                            <img class="e006-image-img do-lazyload" data-srcset="/images/placeholder-*.png/830/410/1" alt>
                        </picture>
                        <div class="m013-tile-content">
                            <h3 class="e003-headline  e003-headline--3 m013-tile-headline">ex magna consectetur esse </h3>
                            <a href class="e002-button  m013-tile-cta" target>commodo quis nisi voluptate </a>
                        </div>
                    </div>
                </div>
                <div class="grid-column grid-column--4">
                    <div class="m013-tile m013-tile--product m013-tile--s m013-tile--light" data-entity>
                        <picture class="e006-image  m013-tile-image">
                            <source data-srcset="/images/placeholder-*.png/830/410/1" media="(max-width: 767px)">
                            <source data-srcset="/images/placeholder-*.png/410/410/1" media="(min-width: 1200px)">
                            <img class="e006-image-img do-lazyload" data-srcset="/images/placeholder-*.png/410/410/1" alt>
                        </picture>
                        <div class="m013-tile-content">
                            <h3 class="e003-headline  e003-headline--3 m013-tile-headline">aliqua nostrud in laborum </h3>
                            <a href class="e002-button  m013-tile-cta" target>amet et reprehenderit ad </a>
                        </div>
                    </div>
                </div>
            </div>
            <div class="grid-row">
                <div class="grid-column grid-column--4">
                    <div class="m013-tile m013-tile--product m013-tile--s m013-tile--light" data-entity>
                        <picture class="e006-image  m013-tile-image">
                            <source data-srcset="/images/placeholder-*.png/830/410/1" media="(max-width: 767px)">
                            <source data-srcset="/images/placeholder-*.png/410/410/1" media="(min-width: 1200px)">
                            <img class="e006-image-img do-lazyload" data-srcset="/images/placeholder-*.png/410/410/1" alt>
                        </picture>
                        <div class="m013-tile-content">
                            <h3 class="e003-headline  e003-headline--3 m013-tile-headline">officia adipisicing eiusmod esse </h3>
                            <a href class="e002-button  m013-tile-cta" target>esse esse elit sunt </a>
                        </div>
                    </div>
                </div>
                <div class="grid-column grid-column--8">
                    <div class="m013-tile m013-tile--video m013-tile--m" data-entity data-youtubeid="5VBriRtl_aM">
                        <picture class="e006-image  m013-tile-image">
                            <img class="e006-image-img do-lazyload" data-srcset="/images/*.png/830/410/1" alt>
                        </picture>
                        <div class="m013-tile-content">
                            <span class="m013-tile-playbutton"></span>
                        </div>
                    </div>
                </div>
            </div>
            <div class="grid-row">
                <div class="grid-column grid-column--8">
                    <div class="m013-tile m013-tile--video m013-tile--m m013-tile--light" data-entity data-youtubeid="5VBriRtl_aM">
                        <picture class="e006-image  m013-tile-image">
                            <img class="e006-image-img do-lazyload" data-srcset="/images/*.png/830/410/1" alt>
                        </picture>
                        <div class="m013-tile-content">
                            <span class="m013-tile-playbutton"></span>
                        </div>
                    </div>
                </div>
                <div class="grid-column grid-column--4">
                    <div class="m013-tile m013-tile--product m013-tile--s m013-tile--light" data-entity>
                        <picture class="e006-image  m013-tile-image">
                            <source data-srcset="/images/placeholder-*.png/830/410/1" media="(max-width: 767px)">
                            <source data-srcset="/images/placeholder-*.png/410/410/1" media="(min-width: 1200px)">
                            <img class="e006-image-img do-lazyload" data-srcset="/images/placeholder-*.png/410/410/1" alt>
                        </picture>
                        <div class="m013-tile-content">
                            <h3 class="e003-headline  e003-headline--3 m013-tile-headline">fugiat ut magna aliqua ea </h3>
                            <a href class="e002-button  m013-tile-cta" target>irure anim veniam </a>
                        </div>
                    </div>
                </div>
            </div>
            <div class="grid-row">
                <div class="grid-column grid-column--4">
                    <div class="m013-tile m013-tile--product m013-tile--s m013-tile--light" data-entity>
                        <picture class="e006-image  m013-tile-image">
                            <source data-srcset="/images/placeholder-*.png/830/410/1" media="(max-width: 767px)">
                            <source data-srcset="/images/placeholder-*.png/410/410/1" media="(min-width: 1200px)">
                            <img class="e006-image-img do-lazyload" data-srcset="/images/placeholder-*.png/410/410/1" alt>
                        </picture>
                        <div class="m013-tile-content">
                            <h3 class="e003-headline  e003-headline--3 m013-tile-headline">id enim ullamco ea nulla ea </h3>
                            <a href class="e002-button  m013-tile-cta" target>consectetur ad cillum </a>
                        </div>
                    </div>
                </div>
                <div class="grid-column grid-column--4">
                    <div class="m013-tile m013-tile--product m013-tile--s m013-tile--light" data-entity>
                        <picture class="e006-image  m013-tile-image">
                            <source data-srcset="/images/placeholder-*.png/830/410/1" media="(max-width: 767px)">
                            <source data-srcset="/images/placeholder-*.png/410/410/1" media="(min-width: 1200px)">
                            <img class="e006-image-img do-lazyload" data-srcset="/images/placeholder-*.png/410/410/1" alt>
                        </picture>
                        <div class="m013-tile-content">
                            <h3 class="e003-headline  e003-headline--3 m013-tile-headline">id cupidatat sint laborum </h3>
                            <a href class="e002-button  m013-tile-cta" target>cillum aliquip aliquip </a>
                        </div>
                    </div>
                </div>
                <div class="grid-column grid-column--4">
                    <div class="m013-tile m013-tile--product m013-tile--s m013-tile--light" data-entity>
                        <picture class="e006-image  m013-tile-image">
                            <source data-srcset="/images/placeholder-*.png/830/410/1" media="(max-width: 767px)">
                            <source data-srcset="/images/placeholder-*.png/410/410/1" media="(min-width: 1200px)">
                            <img class="e006-image-img do-lazyload" data-srcset="/images/placeholder-*.png/410/410/1" alt>
                        </picture>
                        <div class="m013-tile-content">
                            <h3 class="e003-headline  e003-headline--3 m013-tile-headline">Lorem cupidatat laboris magna </h3>
                            <a href class="e002-button  m013-tile-cta" target>do mollit est fugiat </a>
                        </div>
                    </div>
                </div>
            </div>
        </div>
        <div class="g002-footer">
            <div class="m005-newsletterteaser">
                <div class="m005-newsletterteaser-content">
                    <div class="m005-newsletterteaser-text">Jetzt Newsletter bestellen und Genusscoupons erhalten </div>
                    <div class="m005-newsletterteaser-button">
                        <a href="#" class="e002-button" target>Newsletter bestellen </a>
                    </div>
                </div>
            </div>
            <div class="grid">
                <div class="grid-row">
                    <div class="grid-column grid-column--12">
                        <div class="m006-metanav">
                            <div class="m006-metanav-content">
                                <div class="m006-metanav-brandlogo">
                                    <img class="m006-metanav-brandlogoimg" src="/base/global/assets/images/purina-logo.svg" alt="Purina Logo">
                                    <span class="m006-metanav-brandlogoclaim">Your Pet, Our Passion. </span>
                                </div>
                                <nav>
                                    <ul class="m006-metanav-list">
                                        <li class="m006-metanav-listitem">
                                            <a href="#" target="_blank">Contact Us </a>
                                        </li>
                                        <li class="m006-metanav-listitem">
                                            <a href="#" target="_blank">Sitemap </a>
                                        </li>
                                        <li class="m006-metanav-listitem">
                                            <a href="#" target="_blank">Purina.co.uk </a>
                                        </li>
                                        <li class="m006-metanav-listitem">
                                            <a href="#" target="_blank">Terms & Conditions </a>
                                        </li>
                                        <li class="m006-metanav-listitem">
                                            <a href="#" target="_blank">Privacy </a>
                                        </li>
                                        <li class="m006-metanav-listitem">
                                            <a href="#" target="_blank">Cookies </a>
                                        </li>
                                    </ul>
                                </nav>
                            </div>
                        </div>
                    </div>
                </div>
                <div class="grid-row">
                    <div class="grid-column grid-column--12">
                        <div class="m009-copyright">
                            <div class="m009-copyright-content">
                                <img class="m009-copyright-logo" src="/base/global/assets/images/nestle-logo.svg" alt="Nestle Brand Logo">
                                <span class="m009-copyright-info">&reg; Reg. Trademark of NestlÃ© S.A. </span>
                            </div>
                        </div>
                    </div>
                </div>
            </div>
        </div>
        <script src="/jspm_packages/system.js"></script>
        <script src="/jspm.js"></script>
        <script>
            System.import('base/global/js/bootstrap');
        </script>
        <div class="m012-overlay" data-entity>
            <div class="m012-overlay-background"></div>
            <div class="m012-overlay-content"></div>
            <a class="m012-overlay-closebtn" href="javascript:;"></a>
        </div>
    </body>
</html>
