{
    "type": "transformer.node/NodeList",
    "children": [
        {
            "type": "transformer.node/CallNode",
            "children": [],
            "name": "simple",
            "parameters": {
                "type": "transformer.node/ParametersNode",
                "children": [
                    {
                        "type": "transformer.node/ParameterNode",
                        "name": "classes",
                        "value": {
                            "type": "transformer.node/ExpressionNode",
                            "children": [
                                {
                                    "type": "transformer.node/FilterNode",
                                    "name": "concat",
                                    "parameters": {
                                        "type": "transformer.node/ParametersNode",
                                        "children": [
                                            {
                                                "type": "transformer.node/ParameterNode",
                                                "name": "",
                                                "value": {
                                                    "type": "transformer.node/LiteralNode",
                                                    "value": "__check"
                                                }
                                            }
                                        ]
                                    },
                                    "value": {
                                        "type": "transformer.node/VariableNode",
                                        "fields": [
                                            "moduleName"
                                        ]
                                    }
                                }
                            ]
                        }
                    }
                ]
            }
        },
        {
            "type": "transformer.node/TextNode",
            "value": "\n"
        },
        {
            "type": "transformer.node/SetNode",
            "variable": {
                "type": "transformer.node/VariableNode",
                "fields": [
                    "variable"
                ]
            },
            "value": {
                "type": "transformer.node/ExpressionNode",
                "children": [
                    {
                        "type": "transformer.node/FilterNode",
                        "name": "concat",
                        "parameters": {
                            "type": "transformer.node/ParametersNode",
                            "children": [
                                {
                                    "type": "transformer.node/ParameterNode",
                                    "name": "",
                                    "value": {
                                        "type": "transformer.node/LiteralNode",
                                        "value": "-teaser"
                                    }
                                }
                            ]
                        },
                        "value": {
                            "type": "transformer.node/VariableNode",
                            "fields": [
                                "model",
                                "headline"
                            ]
                        }
                    }
                ]
            }
        },
        {
            "type": "transformer.node/TextNode",
            "value": "\n"
        },
        {
            "type": "transformer.node/SetNode",
            "variable": {
                "type": "transformer.node/VariableNode",
                "fields": [
                    "strings"
                ]
            },
            "value": {
                "type": "transformer.node/ExpressionNode",
                "children": [
                    {
                        "type": "transformer.node/FilterNode",
                        "name": "concat",
                        "parameters": {
                            "type": "transformer.node/ParametersNode",
                            "children": [
                                {
                                    "type": "transformer.node/ParameterNode",
                                    "name": "",
                                    "value": {
                                        "type": "transformer.node/LiteralNode",
                                        "value": "-teaser"
                                    }
                                }
                            ]
                        },
                        "value": {
                            "type": "transformer.node/LiteralNode",
                            "value": "class"
                        }
                    }
                ]
            }
        },
        {
            "type": "transformer.node/TextNode",
            "value": "\n"
        },
        {
            "type": "transformer.node/SetNode",
            "variable": {
                "type": "transformer.node/VariableNode",
                "fields": [
                    "multiple"
                ]
            },
            "value": {
                "type": "transformer.node/ExpressionNode",
                "children": [
                    {
                        "type": "transformer.node/FilterNode",
                        "name": "concat",
                        "parameters": {
                            "type": "transformer.node/ParametersNode",
                            "children": [
                                {
                                    "type": "transformer.node/ParameterNode",
                                    "name": "",
                                    "value": {
                                        "type": "transformer.node/LiteralNode",
                                        "value": "yes"
                                    }
                                }
                            ]
                        },
                        "value": {
                            "type": "transformer.node/FilterNode",
                            "name": "concat",
                            "parameters": {
                                "type": "transformer.node/ParametersNode",
                                "children": [
                                    {
                                        "type": "transformer.node/ParameterNode",
                                        "name": "",
                                        "value": {
                                            "type": "transformer.node/VariableNode",
                                            "fields": [
                                                "model",
                                                "headline"
                                            ]
                                        }
                                    }
                                ]
                            },
                            "value": {
                                "type": "transformer.node/FilterNode",
                                "name": "concat",
                                "parameters": {
                                    "type": "transformer.node/ParametersNode",
                                    "children": [
                                        {
                                            "type": "transformer.node/ParameterNode",
                                            "name": "",
                                            "value": {
                                                "type": "transformer.node/LiteralNode",
                                                "value": "-teaser"
                                            }
                                        }
                                    ]
                                },
                                "value": {
                                    "type": "transformer.node/LiteralNode",
                                    "value": "class"
                                }
                            }
                        }
                    }
                ]
            }
        },
        {
            "type": "transformer.node/TextNode",
            "value": "\n"
        },
        {
            "type": "transformer.node/SetNode",
            "variable": {
                "type": "transformer.node/VariableNode",
                "fields": [
                    "className"
                ]
            },
            "value": {
                "type": "transformer.node/ExpressionNode",
                "children": [
                    {
                        "type": "transformer.node/IfNode",
                        "children": [
                            {
                                "type": "transformer.node/ExpressionNode",
                                "children": [
                                    {
                                        "type": "transformer.node/FilterNode",
                                        "name": "concat",
                                        "parameters": {
                                            "type": "transformer.node/ParametersNode",
                                            "children": [
                                                {
                                                    "type": "transformer.node/ParameterNode",
                                                    "name": "",
                                                    "value": {
                                                        "type": "transformer.node/VariableNode",
                                                        "fields": [
                                                            "type"
                                                        ]
                                                    }
                                                }
                                            ]
                                        },
                                        "value": {
                                            "type": "transformer.node/FilterNode",
                                            "name": "concat",
                                            "parameters": {
                                                "type": "transformer.node/ParametersNode",
                                                "children": [
                                                    {
                                                        "type": "transformer.node/ParameterNode",
                                                        "name": "",
                                                        "value": {
                                                            "type": "transformer.node/LiteralNode",
                                                            "value": "--"
                                                        }
                                                    }
                                                ]
                                            },
                                            "value": {
                                                "type": "transformer.node/VariableNode",
                                                "fields": [
                                                    "moduleClass"
                                                ]
                                            }
                                        }
                                    }
                                ]
                            }
                        ],
                        "condition": {
                            "type": "transformer.node/ConditionNode",
                            "children": [
                                {
                                    "type": "transformer.node/VariableNode",
                                    "fields": [
                                        "type"
                                    ]
                                }
                            ]
                        },
                        "elseChildren": [
                            {
                                "type": "transformer.node/ExpressionNode",
                                "children": [
                                    {
                                        "type": "transformer.node/LiteralNode",
                                        "value": ""
                                    }
                                ]
                            }
                        ]
                    }
                ]
            }
        },
        {
            "type": "transformer.node/TextNode",
            "value": "\n"
        }
    ]
}
