{
    "type": "transformer.node/NodeList",
    "children": [
        {
            "type": "transformer.node/ForNode",
            "children": [
                {
                    "type": "transformer.node/OutputNode",
                    "children": [
                        {
                            "type": "transformer.node/VariableNode",
                            "fields": [
                                "loop",
                                "count"
                            ]
                        }
                    ]
                },
                {
                    "type": "transformer.node/OutputNode",
                    "children": [
                        {
                            "type": "transformer.node/VariableNode",
                            "fields": [
                                "loop",
                                "index"
                            ]
                        }
                    ]
                },
                {
                    "type": "transformer.node/OutputNode",
                    "children": [
                        {
                            "type": "transformer.node/VariableNode",
                            "fields": [
                                "loop",
                                "first"
                            ]
                        }
                    ]
                },
                {
                    "type": "transformer.node/OutputNode",
                    "children": [
                        {
                            "type": "transformer.node/VariableNode",
                            "fields": [
                                "loop",
                                "last"
                            ]
                        }
                    ]
                }
            ],
            "keyName": false,
            "valueName": "item",
            "value": {
                "type": "transformer.node/VariableNode",
                "fields": [
                    "model",
                    "items"
                ]
            }
        },
        {
            "type": "transformer.node/TextNode",
            "value": "\n"
        }
    ]
}
