{
    "type": "transformer.node/NodeList",
    "children": [
        {
            "type": "transformer.node/TextNode",
            "value": "\n"
        },
        {
            "type": "transformer.node/SetNode",
            "variable": {
                "type": "transformer.node/VariableNode",
                "fields": [
                    "text"
                ]
            },
            "value": {
                "type": "transformer.node/ExpressionNode",
                "children": [
                    {
                        "type": "transformer.node/VariableNode",
                        "fields": [
                            "model",
                            "text"
                        ]
                    }
                ]
            }
        },
        {
            "type": "transformer.node/TextNode",
            "value": "\n"
        },
        {
            "type": "transformer.node/ForNode",
            "children": [
                {
                    "type": "transformer.node/TextNode",
                    "value": "ITEM"
                }
            ],
            "valueName": "item",
            "keyName": false,
            "value": {
                "type": "transformer.node/VariableNode",
                "fields": [
                    "model",
                    "items"
                ]
            }
        },
        {
            "type": "transformer.node/TextNode",
            "value": "\n"
        },
        {
            "type": "transformer.node/IfNode",
            "children": [
                {
                    "type": "transformer.node/TextNode",
                    "value": "COPY"
                }
            ],
            "condition": {
                "type": "transformer.node/ConditionNode",
                "children": [
                    {
                        "type": "transformer.node/VariableNode",
                        "fields": [
                            "model",
                            "copy"
                        ]
                    }
                ]
            },
            "elseChildren": []
        },
        {
            "type": "transformer.node/TextNode",
            "value": "\n"
        },
        {
            "type": "transformer.node/OutputNode",
            "children": [
                {
                    "type": "transformer.node/VariableNode",
                    "fields": [
                        "model",
                        "headline"
                    ]
                }
            ]
        },
        {
            "type": "transformer.node/TextNode",
            "value": "\n"
        }
    ]
}
