{
    "type": "transformer.node/NodeList",
    "children": [
        {
            "type": "transformer.node/CallNode",
            "children": [],
            "name": "simple",
            "parameters": [
                {
                    "type": "transformer.node/ParameterNode",
                    "fields": [
                        "classes"
                    ],
                    "value": {
                        "type": "transformer.node/ExpressionNode",
                        "children": [
                            {
                                "type": "transformer.node/VariableNode",
                                "fields": [
                                    "moduleName"
                                ]
                            },
                            {
                                "type": "transformer.node/OperandNode",
                                "value": "+"
                            },
                            {
                                "type": "transformer.node/LiteralNode",
                                "value": "__check"
                            }
                        ]
                    }
                }
            ]
        },
        {
            "type": "transformer.node/TextNode",
            "value": "\n"
        },
        {
            "type": "transformer.node/SetNode",
            "variable": {
                "type": "transformer.node/VariableNode",
                "fields": [
                    "className"
                ]
            },
            "value": {
                "type": "transformer.node/ExpressionNode",
                "children": [
                    {
                        "type": "transformer.node/VariableNode",
                        "fields": [
                            "model",
                            "headline"
                        ]
                    },
                    {
                        "type": "transformer.node/OperandNode",
                        "value": "+"
                    },
                    {
                        "type": "transformer.node/LiteralNode",
                        "value": "-teaser"
                    }
                ]
            }
        },
        {
            "type": "transformer.node/TextNode",
            "value": "\n"
        }
    ]
}
