{
    "type": "transformer.node/NodeList",
    "children": [
        {
            "type": "transformer.node/IfNode",
            "children": [],
            "condition": {
                "type": "transformer.node/ConditionNode",
                "children": [
                    {
                        "type": "transformer.node/VariableNode",
                        "fields": [
                            "classes"
                        ]
                    }
                ]
            }
        },
        {
            "type": "transformer.node/TextNode",
            "value": "\n"
        },
        {
            "type": "transformer.node/IfNode",
            "children": [],
            "condition": {
                "type": "transformer.node/ConditionNode",
                "children": [
                    {
                        "type": "transformer.node/FilterNode",
                        "name": "markup",
                        "parameters": {
                            "type": "transformer.node/ParametersNode",
                            "children": []
                        },
                        "value": {
                            "type": "transformer.node/VariableNode",
                            "fields": [
                                "classes"
                            ]
                        }
                    }
                ]
            }
        },
        {
            "type": "transformer.node/TextNode",
            "value": "\n"
        },
        {
            "type": "transformer.node/IfNode",
            "children": [],
            "condition": {
                "type": "transformer.node/ConditionNode",
                "children": [
                    {
                        "type": "transformer.node/FilterNode",
                        "name": "empty",
                        "parameters": {
                            "type": "transformer.node/ParametersNode",
                            "children": []
                        },
                        "value": {
                            "type": "transformer.node/VariableNode",
                            "fields": [
                                "classes"
                            ]
                        }
                    }
                ]
            }
        },
        {
            "type": "transformer.node/TextNode",
            "value": "\n"
        },
        {
            "type": "transformer.node/IfNode",
            "children": [],
            "condition": {
                "type": "transformer.node/ConditionNode",
                "children": [
                    {
                        "type": "transformer.node/FilterNode",
                        "name": "notempty",
                        "parameters": {
                            "type": "transformer.node/ParametersNode",
                            "children": []
                        },
                        "value": {
                            "type": "transformer.node/VariableNode",
                            "fields": [
                                "classes"
                            ]
                        }
                    }
                ]
            }
        },
        {
            "type": "transformer.node/TextNode",
            "value": "\n"
        },
        {
            "type": "transformer.node/IfNode",
            "children": [],
            "condition": {
                "type": "transformer.node/ConditionNode",
                "children": [
                    {
                        "type": "transformer.node/FilterNode",
                        "name": "empty",
                        "parameters": {
                            "type": "transformer.node/ParametersNode",
                            "children": []
                        },
                        "value": {
                            "type": "transformer.node/VariableNode",
                            "fields": [
                                "model",
                                "headline"
                            ]
                        }
                    },
                    {
                        "type": "transformer.node/BooleanOperandNode",
                        "value": "or"
                    },
                    {
                        "type": "transformer.node/FilterNode",
                        "name": "notempty",
                        "parameters": {
                            "type": "transformer.node/ParametersNode",
                            "children": []
                        },
                        "value": {
                            "type": "transformer.node/VariableNode",
                            "fields": [
                                "mode",
                                "copy"
                            ]
                        }
                    }
                ]
            }
        },
        {
            "type": "transformer.node/TextNode",
            "value": "\n"
        },
        {
            "type": "transformer.node/IfNode",
            "children": [],
            "condition": {
                "type": "transformer.node/ConditionNode",
                "children": [
                    {
                        "type": "transformer.node/FilterNode",
                        "name": "notempty",
                        "parameters": {
                            "type": "transformer.node/ParametersNode",
                            "children": []
                        },
                        "value": {
                            "type": "transformer.node/VariableNode",
                            "fields": [
                                "model",
                                "headline"
                            ]
                        }
                    },
                    {
                        "type": "transformer.node/BooleanOperandNode",
                        "value": "or"
                    },
                    {
                        "type": "transformer.node/GroupNode",
                        "children": [
                            {
                                "type": "transformer.node/FilterNode",
                                "name": "notempty",
                                "parameters": {
                                    "type": "transformer.node/ParametersNode",
                                    "children": []
                                },
                                "value": {
                                    "type": "transformer.node/VariableNode",
                                    "fields": [
                                        "model",
                                        "subline"
                                    ]
                                }
                            },
                            {
                                "type": "transformer.node/BooleanOperandNode",
                                "value": "and"
                            },
                            {
                                "type": "transformer.node/VariableNode",
                                "fields": [
                                    "model",
                                    "type"
                                ]
                            },
                            {
                                "type": "transformer.node/OperandNode",
                                "value": "=="
                            },
                            {
                                "type": "transformer.node/LiteralNode",
                                "value": "teaser"
                            }
                        ]
                    }
                ]
            }
        },
        {
            "type": "transformer.node/TextNode",
            "value": "\n"
        }
    ]
}