{
    "type": "transformer.node/NodeList",
    "children": [
        {
            "type": "transformer.node/IfNode",
            "children": [
                {
                    "type": "transformer.node/TextNode",
                    "value": "COPY"
                }
            ],
            "condition": {
                "type": "transformer.node/ConditionNode",
                "children": [
                    {
                        "type": "transformer.node/VariableNode",
                        "fields": [
                            "model",
                            "copy"
                        ]
                    },
                    {
                        "type": "transformer.node/BooleanOperandNode",
                        "value": "or"
                    },
                    {
                        "type": "transformer.node/VariableNode",
                        "fields": [
                            "model",
                            "headline"
                        ]
                    },
                    {
                        "type": "transformer.node/OperandNode",
                        "value": "=="
                    },
                    {
                        "type": "transformer.node/LiteralNode",
                        "value": ""
                    }
                ]
            },
            "elseChildren": []
        },
        {
            "type": "transformer.node/TextNode",
            "value": "\n"
        },
        {
            "type": "transformer.node/IfNode",
            "children": [
                {
                    "type": "transformer.node/TextNode",
                    "value": "COPY"
                }
            ],
            "condition": {
                "type": "transformer.node/ConditionNode",
                "children": [
                    {
                        "type": "transformer.node/VariableNode",
                        "fields": [
                            "model",
                            "copy"
                        ]
                    }
                ]
            },
            "elseChildren": [
                {
                    "type": "transformer.node/TextNode",
                    "value": "NOCOPY"
                }
            ]
        },
        {
            "type": "transformer.node/TextNode",
            "value": "\n"
        },
        {
            "type": "transformer.node/ForNode",
            "children": [
                {
                    "type": "transformer.node/TextNode",
                    "value": "COPY"
                }
            ],
            "name": "item",
            "value": {
                "type": "transformer.node/VariableNode",
                "fields": [
                    "model",
                    "items"
                ]
            }
        },
        {
            "type": "transformer.node/TextNode",
            "value": "\n"
        }
    ]
}
