{
    "type": "transformer.node/NodeList",
    "children": [
        {
            "type": "transformer.node/MacroNode",
            "children": [
                {
                    "type": "transformer.node/TextNode",
                    "value": "\n    "
                },
                {
                    "type": "transformer.node/YieldNode"
                },
                {
                    "type": "transformer.node/TextNode",
                    "value": "\n"
                }
            ],
            "name": "macro",
            "parameters": {
                "type": "transformer.node/ParametersNode",
                "children": [
                    {
                        "name": "type",
                        "type": "transformer.node/ParameterNode"
                    },
                    {
                        "type": "transformer.node/ParameterNode",
                        "name": "model"
                    },
                    {
                        "type": "transformer.node/ParameterNode",
                        "name": "classes",
                        "value": {
                            "type": "transformer.node/ExpressionNode",
                            "children": [
                                {
                                    "type": "transformer.node/LiteralNode",
                                    "value": "foo"
                                }
                            ]
                        }
                    }
                ]
            }
        },
        {
            "type": "transformer.node/TextNode",
            "value": "\n"
        }
    ]
}
